// Jest Snapshot v1, https://goo.gl/fbAQLP

exports[`testing title 1`] = `
<h2>
  Maths Magician
</h2>
`;
